// Jest Snapshot v1, https://goo.gl/fbAQLP

exports[`Armband tests Snapshot test 1`] = `
<DocumentFragment>
  <div
    class="MuiBox-root css-1jev9c2"
    data-testid="armband-container"
  >
    C
  </div>
</DocumentFragment>
`;
