// Jest Snapshot v1, https://goo.gl/fbAQLP

exports[`Player Tests Snapshot test 1`] = `
<DocumentFragment>
  <div
    class="MuiGrid-root MuiGrid-container MuiGrid-direction-xs-column css-t0zib5-MuiGrid-root"
    data-testid="828"
  >
    <div
      class="MuiGrid-root MuiGrid-item css-13i4rnv-MuiGrid-root"
    >
      <img
        alt="kit-img"
        data-testid="player-shirt-image"
        height="55"
        src="/assets/images/kits/3.png"
      />
    </div>
    <div
      class="MuiBox-root css-1gn4x21"
    >
      <div
        class="MuiGrid-root MuiGrid-item css-13i4rnv-MuiGrid-root"
      >
        <p
          class="MuiTypography-root MuiTypography-body1 css-1hrwrfg-MuiTypography-root"
          data-testid="player-name"
        >
          JANKIN
        </p>
      </div>
      <div
        class="MuiGrid-root MuiGrid-item player-text-points css-13i4rnv-MuiGrid-root"
      >
        <p
          class="MuiTypography-root MuiTypography-body1 css-1d9ye53-MuiTypography-root"
          data-testid="player-score"
        >
          13
        </p>
      </div>
    </div>
  </div>
</DocumentFragment>
`;
